Script started on Sun Nov 19 17:16:15 2017
?1034hbash-3.2$ Kgit log
33mcommit 83e14d16e8551fc2592f6680cde25b1a8f08f63fmm
Author: Jeremy Greer <jeremy.greer.atl@gmail.com>m
Date:	Sun Nov 19 17:15:10 2017 -0600m
m
    finish 14m
m
33mcommit 455ae121b8405a81985906d810e003cb07d3dddfmm
Author: Jeremy Greer <jeremy.greer.atl@gmail.com>m
Date:	Sun Nov 19 10:31:59 2017 -0600m
m
    test git references are renderedm
m
33mcommit 2283e88cd1ec4dce9d238a46281db0770ed2e8e5mm
Author: Jeremy Greer <jeremy.greer.atl@gmail.com>m
Date:	Sun Nov 19 10:26:09 2017 -0600m
m
    test that a text block will come throughm
m
33mcommit e931beec0b1321b7858f69f54a7f133748b99ac5mm
Author: Jeremy Greer <jeremy.greer.atl@gmail.com>m
Date:	Sun Nov 19 10:18:51 2017 -0600m
m
    get tests to work with Enzymem
m
33mcommit 9c55af42a795cbc45899ef6c2cfe1f5cdb95fb88mm
Author: Jeremy Greer <jeremy.greer.atl@gmail.com>m
Date:	Sun Nov 19 09:34:19 2017 -0600m
m
    finish 13m
m
33mcommit a5cc28b0bb6e6bb3291f3986360041767016c97bmm
Author: Jeremy Greer <jeremy.greer.atl@gmail.com>m
Date:	Sun Nov 19 09:33:27 2017 -0600m
m
33mcommit 7c306d9f41d9dafd64541496cc84d57280f15c25mm
Author: Jeremy Greer <jeremy.greer.atl@gmail.com>m
Date:	Sun Nov 19 07:55:23 2017 -0600m
m
    add enzymem
m
33mcommit c7b2b9888d106e926f7b10f77e92995d5ea28f7emm
Author: Jeremy Greer <jeremy.greer.atl@gmail.com>m
Date:	Sun Nov 19 06:54:39 2017 -0600m
m
    move components into dirm
m
33mcommit 2336c4ebcb720c9cb3707cb0367bdb19e8d54466mm
Author: Jeremy Greer <jeremy.greer.atl@gmail.com>m
Date:	Sun Nov 19 06:26:25 2017 -0600m
m
33mcommit 6611b02a51e8bd15f7559dcf725cda5803c6a21bmm
Author: Jeremy Greer <jeremy.greer.atl@gmail.com>m
Date:	Sun Nov 19 06:25:15 2017 -0600m
m
    move ParsedCommantary and constants into own fimlesm
m
33mcommit 72c2b7342fae51c9a2f17cb6d6fe18428013ce54mm
K?1lbash-3.2$ git status
On branch master
Your branch is up-to-date with 'origin/master'.
Changes not staged for commit:
  (use "git add <file>..." to update what will be committed)
  (use "git checkout -- <file>..." to discard changes in working directory)

	31mmodified:   src/components/ParsedCommentary.jsm

Untracked files:
  (use "git add <file>..." to include in what will be committed)

	31mpublic/entries/15/m

no changes added to commit (use "git add" and/or "git commit -a")
bash-3.2$ git add src/
oaworking state'mmit -m 'restore pKParsedCommentary t
[master 858aaf8] restore ParsedCommentary to working state
 1 file changed, 1 insertion(+), 52 deletions(-)
bash-3.2$ cKshow 858aaf8
858aaf82$ git show K858aaf8 > public/entries/15/git/
bash-3.2$ git status
On branch master
Your branch is ahead of 'origin/master' by 1 commit.
  (use "git push" to publish your local commits)
Changes not staged for commit:
  (use "git add <file>..." to update what will be committed)
  (use "git checkout -- <file>..." to discard changes in working directory)

	31mmodified:   src/components/Entry.jsm

Untracked files:
  (use "git add <file>..." to include in what will be committed)

	31mpublic/entries/15/m
	31msrc/components/Entry.cssm

no changes added to commit (use "git add" and/or "git commit -a")
bash-3.2$ git add src/
kais-clikcedKcked'Kit -m 'show Kterminal log when lin
[master 6b4a5e0] show terminal log when link is clicked
 2 files changed, 47 insertions(+), 9 deletions(-)
 create mode 100644 src/components/Entry.css
bash-3.2$ exit

Script done on Sun Nov 19 17:50:05 2017
