Script started on Sat Nov 18 11:30:07 2017
?1034hbash-3.2$ ./scripts/rKindex-entries.js
/Users/jeremygreer/Ideas/blog/site/scripts/index-entries.js:15
  const commentaryPath = path.resolve(entryFileName, 'commentary.txt')
				      ^

ReferenceError: entryFileName is not defined
    at getEntryFromDir (/Users/jeremygreer/Ideas/blog/site/scripts/index-entries.js:15:39)
    at Array.map (<anonymous>)
    at Object.<anonymous> (/Users/jeremygreer/Ideas/blog/site/scripts/index-entries.js:25:27)
    at Module._compile (module.js:624:30)
    at Object.Module._extensions..js (module.js:635:10)
    at Module.load (module.js:545:32)
    at tryModuleLoad (module.js:508:12)
    at Function.Module._load (module.js:500:3)
    at Function.Module.runMain (module.js:665:10)
    at startup (bootstrap_node.js:201:16)
bash-3.2$ ./scripts/index-entries.js
bash-3.2$ ./scripts/index-entries.js
[{"name":"01","commentary":"So I was thinking I'd like to do something meaningful.  What in the world\ncould that be?  Helping people seems to universally work as a way to find\nmeaning.  What can I help with?  \"Here's a website.	It will help you!\"  I\ndon't know.\n\nMaybe starting a blog or some type of resource to help people learn to code\nwould be cool.  There is no shortage of blogs or tech articles out there,\nthough.	What could I do differently?\n\nOne thing you don't see is complete honesty.  It may be unprofessional and\nmaybe severely undermine confidence, but what if someone showed you their\nmistakes?  Not as a gag reel or some sort of ironic thing, but more as a\ncandid view.  That may make things more approachable.	Mistakes are valuable\nbecause you get to learn from them, so sharing your mistakes seems like it\nwould increase the value.\n\nSo, the idea is not to be an unpolished slacker, but to provide complete\nopenness along with instruction.  To start with, a blog probably shouldn't be\na finished, beautiful product.  It's basically an open journal, right?\nPunctuation and grammar are fine, but it should probably be pretty rough and\nraw.\n\nSo here, what the heck.	Let's start with this.	I'm not sure where I'm going,\nwhat the point is, or how it will turn out, but this is my project.  From\ninception to completion as transparent as possible, I'm going to document it.\n\n...\n\nIn the interest of _somewhat_ tolerable writing, I need to pick an audience,\nthough.  I'm going to imagine...\n\nWell, I trailed off imagining myself at different points in my life when I was\nlearing to program.\n\nScrew it.  I'm just going to talk to the terminal.  If I start talking to \"the\naudience\" the tone will change and I'll start worrying too much about _how_\nI'm saying things rather than _what_ I'm saying.\n\n...\n\nOK, so what are the goals?\n\n1.  Transparency - I want mistakes to be visible, ignorance to be highlighted,\nand the documentation to be off the cuff.  This is to show that even\nsuccessful dudes who have been writing and studying code for many years and\nare pretty good at what they do are just regular guys full of doubt,\nignorance, and potential mistakes.\n\n2.  Create a Blog - The blog should be super easy to update (to encourage it\nhappen regularly), provide lots of detail, and have very \"raw\" content.\n\nI would like to get something up ASAP, so that it doesn't all appear at once\nat the end of the project.  Honestly, most (practically all) of my projects\ndie the day after I start them.  I get really pumped, start working, get\nsidetracked with infrastructure or find another cooler idea along the way...\nThere's always something, so the sooner I can get this \"launched\" the better\nchange it has of surviving past next week.\n\n\nWhat's the absolute fastest way to get an app out there into the world?  This\nis not a paid promotion, but I bet I can get this into the world in the next\n10 minutes with CRA and Heroku.\n\nHere's the plan.\n\n1.	create the app\n2.  post this as static content\n3.  deploy as a new free app in Heroku\n\n\n(Side note: It's going to become a pain in the ass documenting all of this\nstuff.  Maybe I could just log the terminal history or something.)\n\n```\ncreate-react-app site\n```\n\nI may elaborate on all this stuff later, but maybe not.  There are plenty of\nsources out there already.\n\nThis file is 01.txt in the dir above the `site` dir I just created.\n\n```\n/Users/jeremygreer/Ideas/blog/\n▼ site/\n  ► public/\n  ► src/\n    package.json\n	README.md\n    yarn.lock\n  01.txt\n```\n\nI'm sure I'll have resources _other_ than the site, but now I need to move the\ntext into the site.	What if I just symlink it and keep it separate for now?\nI don't know what that may do.  Let's just keep it simple and move.\n\n```\n</jeremygreer/Ideas/blog/site/\n▼ public/\n    01.txt\n	favicon.ico\n	 index.html\n	 manifest.json\n► src/\n  package.json\n  README.md\n  yarn.lock\n```\n\nOK, simple.  For the first pass, we'll just have links from the main site to\nthe resource.  That's kind of cool.  I like the resources be just plain old\ntext.  That makes them portable (they should probably be markdown though).\n\n...\n\nI just added a link from the boilerplate to the text file.  That works for\nnow.  It's ocurred to me that I will be referencing code a _lot_ in this - and\nin particular states.  I'll need a good way to document that.  Let's just rely\non Git for now.\n\nThere.	Check 31b6c302d2ee643ef22e943a6b9a38dc891f1c0b to see where things\nstand for now.  I'll have to make this project public and actually push it to\nGithub.  Maybe there's a good convention for referencing SHAs in a blog.  I\ndon't want to keep making Gists ever 12 seconds.\n\n...\n\nI just created the repo with the suggested name.  I haven't done that in a\nwhile.  https://github.com/reergymerej/silver-goggles\n\nNow it's very public.  I hope work doesn't watch my commits in Github if I get\ninspired in the middle of the day to do a little writing.\n\n...\n\nI'm trying to login to Heroku with the toolbelt, but I'm seeing some weird\nerrors.\n\n```\n~/Ideas/blog/site$ heroku login\n ▸    stat /Users/jeremygreer/.local/share/heroku/client/bin/heroku: not a directory\n ▸    fork/exec /Users/jeremygreer/.local/share/heroku/client/bin/heroku: not a directory\n ▸	stat /Users/jeremygreer/.local/share/heroku/client/bin/heroku: not a directory\n ▸    fork/exec /Users/jeremygreer/.local/share/heroku/client/bin/heroku: not a directory\n```\n\nI wonder if this is because of the High Sierra upgrade.  It smells like it, so\nI opened XCode because it needs to install dependencies and get my signature\non EULA and crap sometimes and I heard from work there may be something.  It\ncouldn't hurt.\n\nnope\n\nDoes it work from other directories where I used to use it?\n\nnope\n\nCan I reinstall it?  I think I used brew, but I'll just check Heroku.\n\n...wait...\n\nI've got down lots of rabbit holes.  This always happens.  What am I trying to\ndo?  Create an app in Heroku and get the URL.  I can do that through the GUI\neasily and figure out this crap later.\n\n...and done 1 minute later.\n\nI wonder if there's a way to timestamp each line of the text document.  That\nwould be cool to show _how long_ it takes to write the text.\n\n...\n\nDang it.\n\n```\n~/Ideas/blog/site$ git remote -v\norigin\tgit@github.com:reergymerej/silver-goggles.git (fetch)\norigin\tgit@github.com:reergymerej/silver-goggles.git (push)\n~/Ideas/blog/site$ git remote add heroku https://git.heroku.com/silver-goggles.git\n~/Ideas/blog/site$ git remote -v\nheroku\thttps://git.heroku.com/silver-goggles.git (fetch)\nheroku\thttps://git.heroku.com/silver-goggles.git (push)\norigin\tgit@github.com:reergymerej/silver-goggles.git (fetch)\norigin\tgit@github.com:reergymerej/silver-goggles.git (push)\n~/Ideas/blog/site$ git status\nOn branch master\nYour branch is up-to-date with 'origin/master'.\nChanges to be committed:\n	(use \"git reset HEAD <file>...\" to unstage)\n\n\tmodified:   public/01.txt\n\n~/Ideas/blog/site$ fg\nnvim .\n\n[1]+  Stopped		       nvim .\n~/Ideas/blog/site$ git commit -m 'setup heroku remote'\n[master 5582472] setup heroku remote\n 1 file changed, 54 insertions(+)\n~/Ideas/blog/site$ git push heroku master\nremote: !\tYour account jeremy.greer@XXXXXXXXXXXXXXXX.com does not have access to silver-goggles.\nfatal: unable to access 'https://git.heroku.com/silver-goggles.git/': The requested URL returned error: 403\n~/Ideas/blog/site$ heroku login\n ▸	  stat /Users/jeremygreer/.local/share/heroku/client/bin/heroku: not a directory\n ▸	fork/exec /Users/jeremygreer/.local/share/heroku/client/bin/heroku: not a directory\n ▸    stat /Users/jeremygreer/.local/share/heroku/client/bin/heroku: not a directory\n ▸	 fork/exec /Users/jeremygreer/.local/share/heroku/client/bin/heroku: not a directory\n~/Ideas/blog/site$\n\n```\n\nI guess I'll have to login with the toolbelt afterall.  :D\n\n```\n	538  brew install heroku/brew/heroku\n	539  brew link --overwrite heroku\n  540  heroku login\n```\n\nProblem solved.	I have to use my personal credentials instead of work.	I\ninstalled a Heroku plugin to manage both, but it never seemed to work.  I just\nget my password from Lastpass and login manually.  It's often easier to do\nthings the dumb way.\n\n\n```\n	544  git add .\n  545  git status\n  546  git commit\n	547  git push heroku master\n  548  git status\n  549  fg\n  550  fg\n	551  history\n	552  history\n\n  ...\n\nremote: -----> Build failed\nremote:\nremote:	!     Outdated Yarn lockfile\n```\n\nDang it.\n\n```\n	554  yarn\n  555  git add .\n  556  git commit\n  557  git push heroku master\n  558  heroku open\n```\n\nThar she blows.\n\nWe're online.  Now let's not suck.\n","resources":{}}]
bash-3.2$ ./scripts/index-entries.js
bash-3.2$ ./scripts/index-entries.js
undefined
bash-3.2$ ./scripts/index-entries.js
1
bash-3.2$ ./scripts/index-entries.js
[]
bash-3.2$ ./scripts/index-entries.js
/Users/jeremygreer/Ideas/blog/site/public/entries/01/commentary.txt
[]
bash-3.2$ ./scripts/index-entries.js
/Users/jeremygreer/Ideas/blog/site/public/entries/01/commentary.txt
[ { name: '01', resources: {} } ]
bash-3.2$ ./scripts/index-entries.js
[ { name: '01',
    commentary: 'So I was thinking I\'d like to do something meaningful.  What in the world\ncould that be?  Helping people seems to universally work as a way to find\nmeaning.  What can I help with?  "Here\'s a website.  It will help you!"  I\ndon\'t know.\n\nMaybe starting a blog or some type of resource to help people learn to code\nwould be cool.  There is no shortage of blogs or tech articles out there,\nthough.  What could I do differently?\n\nOne thing you don\'t see is complete honesty.  It may be unprofessional and\nmaybe severely undermine confidence, but what if someone showed you their\nmistakes?  Not as a gag reel or some sort of ironic thing, but more as a\ncandid view.  That may make things more approachable.  Mistakes are valuable\nbecause you get to learn from them, so sharing your mistakes seems like it\nwould increase the value.\n\nSo, the idea is not to be an unpolished slacker, but to provide complete\nopenness along with instruction.  To start with, a blog probably shouldn\'t be\na finished, beautiful product.  It\'s basically an open journal, right?\nPunctuation and grammar are fine, but it should probably be pretty rough and\nraw.\n\nSo here, what the heck.  Let\'s start with this.  I\'m not sure where I\'m going,\nwhat the point is, or how it will turn out, but this is my project.	From\ninception to completion as transparent as possible, I\'m going to document it.\n\n...\n\nIn the interest of _somewhat_ tolerable writing, I need to pick an audience,\nthough.  I\'m going to imagine...\n\nWell, I trailed off imagining myself at different points in my life when I was\nlearing to program.\n\nScrew it.  I\'m just going to talk to the terminal.  If I start talking to "the\naudience" the tone will change and I\'ll start worrying too much about _how_\nI\'m saying things rather than _what_ I\'m saying.\n\n...\n\nOK, so what are the goals?\n\n1.  Transparency - I want mistakes to be visible, ignorance to be highlighted,\nand the documentation to be off the cuff.  This is to show that even\nsuccessful dudes who have been writing and studying code for many years and\nare pretty good at what they do are just regular guys full of doubt,\nignorance, and potential mistakes.\n\n2.  Create a Blog - The blog should be super easy to update (to encourage it\nhappen regularly), provide lots of detail, and have very "raw" content.\n\nI would like to get something up ASAP, so that it doesn\'t all appear at once\nat the end of the project.  Honestly, most (practically all) of my projects\ndie the day after I start them.	I get really pumped, start working, get\nsidetracked with infrastructure or find another cooler idea along the way...\nThere\'s always something, so the sooner I can get this "launched" the better\nchange it has of surviving past next week.\n\n\nWhat\'s the absolute fastest way to get an app out there into the world?	This\nis not a paid promotion, but I bet I can get this into the world in the next\n10 minutes with CRA and Heroku.\n\nHere\'s the plan.\n\n1.	create the app\n2.  post this as static content\n3.  deploy as a new free app in Heroku\n\n\n(Side note: It\'s going to become a pain in the ass documenting all of this\nstuff.  Maybe I could just log the terminal history or something.)\n\n```\ncreate-react-app site\n```\n\nI may elaborate on all this stuff later, but maybe not.  There are plenty of\nsources out there already.\n\nThis file is 01.txt in the dir above the `site` dir I just created.\n\n```\n/Users/jeremygreer/Ideas/blog/\n▼ site/\n  ► public/\n  ► src/\n    package.json\n	 README.md\n	yarn.lock\n  01.txt\n```\n\nI\'m sure I\'ll have resources _other_ than the site, but now I need to move the\ntext into the site.  What if I just symlink it and keep it separate for now?\nI don\'t know what that may do.  Let\'s just keep it simple and move.\n\n```\n</jeremygreer/Ideas/blog/site/\n▼ public/\n	 01.txt\n    favicon.ico\n    index.html\n    manifest.json\n► src/\n  package.json\n  README.md\n  yarn.lock\n```\n\nOK, simple.  For the first pass, we\'ll just have links from the main site to\nthe resource.  That\'s kind of cool.  I like the resources be just plain old\ntext.  That makes them portable (they should probably be markdown though).\n\n...\n\nI just added a link from the boilerplate to the text file.  That works for\nnow.  It\'s ocurred to me that I will be referencing code a _lot_ in this - and\nin particular states.  I\'ll need a good way to document that.  Let\'s just rely\non Git for now.\n\nThere.  Check 31b6c302d2ee643ef22e943a6b9a38dc891f1c0b to see where things\nstand for now.  I\'ll have to make this project public and actually push it to\nGithub.  Maybe there\'s a good convention for referencing SHAs in a blog.  I\ndon\'t want to keep making Gists ever 12 seconds.\n\n...\n\nI just created the repo with the suggested name.  I haven\'t done that in a\nwhile.  https://github.com/reergymerej/silver-goggles\n\nNow it\'s very public.  I hope work doesn\'t watch my commits in Github if I get\ninspired in the middle of the day to do a little writing.\n\n...\n\nI\'m trying to login to Heroku with the toolbelt, but I\'m seeing some weird\nerrors.\n\n```\n~/Ideas/blog/site$ heroku login\n ▸	 stat /Users/jeremygreer/.local/share/heroku/client/bin/heroku: not a directory\n ▸    fork/exec /Users/jeremygreer/.local/share/heroku/client/bin/heroku: not a directory\n ▸	  stat /Users/jeremygreer/.local/share/heroku/client/bin/heroku: not a directory\n ▸	fork/exec /Users/jeremygreer/.local/share/heroku/client/bin/heroku: not a directory\n```\n\nI wonder if this is because of the High Sierra upgrade.  It smells like it, so\nI opened XCode because it needs to install dependencies and get my signature\non EULA and crap sometimes and I heard from work there may be something.  It\ncouldn\'t hurt.\n\nnope\n\nDoes it work from other directories where I used to use it?\n\nnope\n\nCan I reinstall it?  I think I used brew, but I\'ll just check Heroku.\n\n...wait...\n\nI\'ve got down lots of rabbit holes.	This always happens.  What am I trying to\ndo?	Create an app in Heroku and get the URL.  I can do that through the GUI\neasily and figure out this crap later.\n\n...and done 1 minute later.\n\nI wonder if there\'s a way to timestamp each line of the text document.  That\nwould be cool to show _how long_ it takes to write the text.\n\n...\n\nDang it.\n\n```\n~/Ideas/blog/site$ git remote -v\norigin\tgit@github.com:reergymerej/silver-goggles.git (fetch)\norigin\tgit@github.com:reergymerej/silver-goggles.git (push)\n~/Ideas/blog/site$ git remote add heroku https://git.heroku.com/silver-goggles.git\n~/Ideas/blog/site$ git remote -v\nheroku\thttps://git.heroku.com/silver-goggles.git (fetch)\nheroku\thttps://git.heroku.com/silver-goggles.git (push)\norigin\tgit@github.com:reergymerej/silver-goggles.git (fetch)\norigin\tgit@github.com:reergymerej/silver-goggles.git (push)\n~/Ideas/blog/site$ git status\nOn branch master\nYour branch is up-to-date with \'origin/master\'.\nChanges to be committed:\n	(use "git reset HEAD <file>..." to unstage)\n\n\tmodified:   public/01.txt\n\n~/Ideas/blog/site$ fg\nnvim .\n\n[1]+  Stopped		     nvim .\n~/Ideas/blog/site$ git commit -m \'setup heroku remote\'\n[master 5582472] setup heroku remote\n 1 file changed, 54 insertions(+)\n~/Ideas/blog/site$ git push heroku master\nremote: !\tYour account jeremy.greer@XXXXXXXXXXXXXXXX.com does not have access to silver-goggles.\nfatal: unable to access \'https://git.heroku.com/silver-goggles.git/\': The requested URL returned error: 403\n~/Ideas/blog/site$ heroku login\n ▸    stat /Users/jeremygreer/.local/share/heroku/client/bin/heroku: not a directory\n ▸	  fork/exec /Users/jeremygreer/.local/share/heroku/client/bin/heroku: not a directory\n ▸    stat /Users/jeremygreer/.local/share/heroku/client/bin/heroku: not a directory\n ▸    fork/exec /Users/jeremygreer/.local/share/heroku/client/bin/heroku: not a directory\n~/Ideas/blog/site$\n\n```\n\nI guess I\'ll have to login with the toolbelt afterall.  :D\n\n```\n  538	brew install heroku/brew/heroku\n  539	brew link --overwrite heroku\n	540  heroku login\n```\n\nProblem solved.  I have to use my personal credentials instead of work.  I\ninstalled a Heroku plugin to manage both, but it never seemed to work.  I just\nget my password from Lastpass and login manually.  It\'s often easier to do\nthings the dumb way.\n\n\n```\n  544  git add .\n  545  git status\n  546  git commit\n  547  git push heroku master\n  548	git status\n  549  fg\n  550  fg\n  551  history\n  552  history\n\n  ...\n\nremote: -----> Build failed\nremote:\nremote:  !	  Outdated Yarn lockfile\n```\n\nDang it.\n\n```\n  554  yarn\n  555  git add .\n  556	git commit\n  557  git push heroku master\n  558  heroku open\n```\n\nThar she blows.\n\nWe\'re online.  Now let\'s not suck.\n',
    resources: {} } ]
bash-3.2$ ./scripts/index-entries.js
bash-3.2$ ls
README.md	build		package.json	public		src		yarn.lock
README.md~	node_modules	package.json~	scripts 	terminal.log
bash-3.2$ cd public/
bash-3.2$ ls
01.txt~ 	03.txt~ 	05.txt		06.txt		07.txt~ 	index.html
02.txt~ 	04.txt		05.txt~ 	06.txt~ 	entries 	manifest.json
03.txt		04.txt~ 	06.terminal.log 07.txt		favicon.ico	terminal-logs
bash-3.2$ mkdir 03
bash-3.2$ mv 03.txt 03/commentary.txt
bash-3.2$ ls
01.txt~ 	03.txt~ 	05.txt		06.txt		07.txt~ 	index.html
02.txt~ 	04.txt		05.txt~ 	06.txt~ 	entries 	manifest.json
03		04.txt~ 	06.terminal.log 07.txt		favicon.ico	terminal-logs
bash-3.2$ find . -type f
./03/commentary.txt
./05.txt~
./favicon.ico
./07.txt
./index.html
./entries/02/commentary.txt
./entries/01/commentary.txt
./06.txt
./04.txt~
./04.txt
./05.txt
./03.txt~
./02.txt~
./01.txt~
./manifest.json
./07.txt~
./terminal-logs/03.terminal.log
./06.terminal.log
./06.txt~
bash-3.2$ find . -type f -name ".txtK~"
bash-3.2$ find . -type f -name "*.txt~"
./05.txt~
./04.txt~
./03.txt~
./02.txt~
./01.txt~
./07.txt~
./06.txt~
bash-3.2$ find . -type f -name "*.txt~" -delete
bash-3.2$ find . -type f -name "*.txt~"K-delete
bash-3.2$ ls
03		05.txt		06.txt		entries 	index.html	terminal-logs
04.txt		06.terminal.log 07.txt		favicon.ico	manifest.json
bash-3.2$ mkKdir 04/ && mv  04.txt ./04
bash-3.2$ ls
03		05.txt		06.txt		entries 	index.html	terminal-logs
04		06.terminal.log 07.txt		favicon.ico	manifest.json
bash-3.2$ mkdir 05
bash-3.2$ mv K05K.txt 05
bash-3.2$ mv 06
usage: mv [-f | -i | -n] [-v] source target
       mv [-f | -i | -n] [-v] source ... directory
bash-3.2$ ls
03		05		06.txt		entries 	index.html	terminal-logs
04		06.terminal.log 07.txt		favicon.ico	manifest.json
bash-3.2$ mkdir 06
bash-3.2$ ls
03		05		06.terminal.log 07.txt		favicon.ico	manifest.json
04		06		06.txt		entries 	index.html	terminal-logs
bash-3.2$ mv 0K6.* ./06
bash-3.2$ ls
03		05		07.txt		favicon.ico	manifest.json
04		06		entries 	index.html	terminal-logs
bash-3.2$ mkdir 07
bash-3.2$ mv 07K.txt 07
bash-3.2$ ls
03		05		07		favicon.ico	manifest.json
04		06		entries 	index.html	terminal-logs
bash-3.2$ mv 0* ./entries/
bash-3.2$ ls
entries 	favicon.ico	index.html	manifest.json	terminal-logs
bash-3.2$ git status
On branch master
Your branch is ahead of 'origin/master' by 3 commits.
  (use "git push" to publish your local commits)
Changes not staged for commit:
  (use "git add/rm <file>..." to update what will be committed)
  (use "git checkout -- <file>..." to discard changes in working directory)

	31mdeleted:    02.txtm
	31mdeleted:    03.txtm
	31mdeleted:    04.txtm
	31mdeleted:    05.txtm
	31mdeleted:    06.terminal.logm
	31mdeleted:    06.txtm
	31mdeleted:    07.txtm
	31mmodified:   ../scripts/index-entries.jsm
	31mmodified:   ../terminal.logm

Untracked files:
  (use "git add <file>..." to include in what will be committed)

	31mentries/02/m
	31mentries/03/m
	31mentries/04/m
	31mentries/05/m
	31mentries/06/m
	31mentries/07/m

no changes added to commit (use "git add" and/or "git commit -a")
bash-3.2$ git add .
bash-3.2$ git rm ../terminal.logKreset ../terminal.log
Unstaged changes after reset:
M	scripts/index-entries.js
M	terminal.log
bash-3.2$ git aKgit commit -m 'move entries into new structure'
[master 673df2e] move entries into new structure
 7 files changed, 5 insertions(+)
 rename public/{02.txt => entries/02/commentary.txt} (100%)
 rename public/{03.txt => entries/03/commentary.txt} (100%)
 rename public/{ => entries/04}/04.txt (100%)
 rename public/{ => entries/05}/05.txt (100%)
 rename public/{ => entries/06}/06.terminal.log (100%)
 rename public/{ => entries/06}/06.txt (100%)
 rename public/{ => entries/07}/07.txt (83%)
bash-3.2$ git status
On branch master
Your branch is ahead of 'origin/master' by 4 commits.
  (use "git push" to publish your local commits)
Changes not staged for commit:
  (use "git add <file>..." to update what will be committed)
  (use "git checkout -- <file>..." to discard changes in working directory)

	31mmodified:   ../scripts/index-entries.jsm
	31mmodified:   ../terminal.logm

no changes added to commit (use "git add" and/or "git commit -a")
bash-3.2$ cd ..
bash-3.2$ pwKd
/Users/jeremygreer/Ideas/blog/site
bash-3.2$ git adKgit log
33mcommit 673df2e13989f6fc3567ea0e4e789d949b464cfamm
Author: Jeremy Greer <jeremy.greer.atl@gmail.com>m
Date:	Sat Nov 18 12:10:05 2017 -0600m
m
    move entries into new structurem
m
33mcommit 5bb2e5ae950a7142b039907dc9044f5ed450c372mm
Author: Jeremy Greer <jeremy.greer.atl@gmail.com>m
Date:	Sat Nov 18 11:56:41 2017 -0600m
m
    verify that we can read from the new structure 01m
m
33mcommit b15be579f08aa0ab4a6150873773ece583ee5d89mm
Author: Jeremy Greer <jeremy.greer.atl@gmail.com>m
Date:	Sat Nov 18 11:51:33 2017 -0600m
m
33mcommit d88786efdfaa9983c9c93e7eeadcd989a65259damm
Author: Jeremy Greer <jeremy.greer.atl@gmail.com>m
Date:	Sat Nov 18 11:38:06 2017 -0600m
m
    start moving commentary sources into new structurem
m
33mcommit 27d8d08985a3f4cbca75b6efca9c6cb3ac8a0a7dmm
Author: Jeremy Greer <jeremy.greer.atl@gmail.com>m
Date:	Sat Nov 18 10:54:59 2017 -0600m
m
    finish 06m
m
33mcommit 1dd78d831acaecaa67ee090a880e665d51eba2dfmm
Author: Jeremy Greer <jeremy.greer.atl@gmail.com>m
Date:	Sat Nov 18 10:52:20 2017 -0600m
m
33mcommit 39ee381b8482d1df4f71d536c77ecc1b292c2ccemm
Author: Jeremy Greer <jeremy.greer.atl@gmail.com>m
Date:	Sat Nov 18 10:48:19 2017 -0600m
m
    show entries list next to current entrym
m
33mcommit 498a6e993a9f0cd8ba3e460c605bf25ea631c3a7mm
K?1lbash-3.2$ ./scripts/index-entries.js
fs.js:653
  return binding.open(pathModule._makeLong(path), stringToFlags(flags), mode);
		 ^

Error: ENOENT: no such file or directory, open '/Users/jeremygreer/Ideas/blog/site/public/entries/04/commentary.txt'
    at Object.fs.openSync (fs.js:653:18)
    at Object.fs.readFileSync (fs.js:554:33)
    at getEntryFromDir (/Users/jeremygreer/Ideas/blog/site/scripts/index-entries.js:16:25)
    at Array.map (<anonymous>)
    at Object.<anonymous> (/Users/jeremygreer/Ideas/blog/site/scripts/index-entries.js:25:27)
    at Module._compile (module.js:624:30)
    at Object.Module._extensions..js (module.js:635:10)
    at Module.load (module.js:545:32)
    at tryModuleLoad (module.js:508:12)
    at Function.Module._load (module.js:500:3)
bash-3.2$ cd public/entries/
bash-3.2$ ls
01	02	03	04	05	06	07
bash-3.2$ find . -nKtype -texKf
find: -type: -f: unknown type
bash-3.2$ find . -type -Kf
./03/commentary.txt
./04/04.txt
./05/05.txt
./02/commentary.txt
./07/07.txt
./01/commentary.txt
./06/06.txt
./06/06.terminal.log
bash-3.2$ find . -type Kmv 0K4/04.txt 04/commentary.txt
bash-3.2$ mv 04/04.txt 04/commentary.txK5/05.txt 05/commentary.txt
bash-3.2$ mv 05/05.txt 05/commentary.txK6/06.txt 06/commentary.txt
bash-3.2$ mv 06/06.terminal.log 06/terminal.log
CCCCCCCCCC16Pfind4.t-type/1Pfmentary.txtxtl.log
./03/commentary.txt
./04/commentary.txt
./05/commentary.txt
./02/commentary.txt
./07/07.txt
./01/commentary.txt
./06/terminal.log
./06/commentary.txt
bash-3.2$ mv 07/07.txt 07/commentary.txt
CCCCCCCCCC16Pfind7.t-type/fommentary.txt
./03/commentary.txt
./04/commentary.txt
./05/commentary.txt
./02/commentary.txt
./07/commentary.txt
./01/commentary.txt
./06/terminal.log
./06/commentary.txt
bash-3.2$ git add .
bash-3.2$ git commit -m 'change entry assets to new convention'
[master 551dc7d] change entry assets to new convention
 5 files changed, 0 insertions(+), 0 deletions(-)
 rename public/entries/04/{04.txt => commentary.txt} (100%)
 rename public/entries/05/{05.txt => commentary.txt} (100%)
 rename public/entries/06/{06.txt => commentary.txt} (100%)
 rename public/entries/06/{06.terminal.log => terminal.log} (100%)
 rename public/entries/07/{07.txt => commentary.txt} (100%)
bash-3.2$ ./scKcd ..
bash-3.2$ KsKpwd
/Users/jeremygreer/Ideas/blog/site/public
bash-3.2$ cd ..
bash-3.2$ ./scripts/index-entries.js
bash-3.2$ git status
On branch master
Your branch is ahead of 'origin/master' by 5 commits.
  (use "git push" to publish your local commits)
Changes not staged for commit:
  (use "git add <file>..." to update what will be committed)
  (use "git checkout -- <file>..." to discard changes in working directory)

	31mmodified:   public/entries/07/commentary.txtm
	31mmodified:   scripts/index-entries.jsm
	31mmodified:   src/entries.jsonm
	31mmodified:   terminal.logm

no changes added to commit (use "git add" and/or "git commit -a")
bash-3.2$ git Kgit add public/ scripts/sK src/
bash-3.2$ git status
On branch master
Your branch is ahead of 'origin/master' by 5 commits.
  (use "git push" to publish your local commits)
Changes to be committed:
  (use "git reset HEAD <file>..." to unstage)

	32mmodified:   public/entries/07/commentary.txtm
	32mmodified:   scripts/index-entries.jsm
	32mmodified:   src/entries.jsonm

Changes not staged for commit:
  (use "git add <file>..." to update what will be committed)
  (use "git checkout -- <file>..." to discard changes in working directory)

	31mmodified:   terminal.logm

bash-3.2$ git commit
?1000h?2004h?1049h?1h?2004h1;40r?12;25h?12l?25h27mm38;5;252m48;5;234mH2J?25l40;1H"~/Ideas/blog/site/.git/COMMIT_EDITMSG" 15L, 472C2;1H▽6n2;1H  1;1H>c1;1H38;5;208m48;5;235m1   m38;5;252m48;5;234m48;5;236m												   m38;5;252m48;5;234m2;1H38;5;243m48;5;235m  1 m38;5;252m48;5;234m38;5;59m# Please enter the commit message for your changes. Lines startingm38;5;252m48;5;234m
38;5;243m48;5;235m  2 m38;5;252m48;5;234m38;5;59m# with '#' will be ignored, and an empty message aborts the commit.m38;5;252m48;5;234m
38;5;243m48;5;235m  3 m38;5;252m48;5;234m38;5;59m# On branch m38;5;252m48;5;234m38;5;141mmasterm38;5;252m48;5;234m
38;5;243m48;5;235m  4 m38;5;252m48;5;234m38;5;59m# Your branch is ahead of 'm38;5;252m48;5;234m38;5;141morigin/masterm38;5;252m48;5;234m38;5;59m' by 5 commits.m38;5;252m48;5;234m
38;5;243m48;5;235m  5 m38;5;252m48;5;234m38;5;59m#   (use "git push" to publish your local commits)m38;5;252m48;5;234m
38;5;243m48;5;235m  6 m38;5;252m48;5;234m38;5;59m#m38;5;252m48;5;234m
38;5;243m48;5;235m  7 m38;5;252m48;5;234m38;5;59m# m38;5;252m48;5;234m38;5;148mChanges to be committed:m38;5;252m48;5;234m
38;5;243m48;5;235m  8 m38;5;252m48;5;234m38;5;59m#	 m38;5;252m48;5;234m38;5;81mmodifiedm38;5;252m48;5;234m38;5;59m: m38;5;252m48;5;234m38;5;141m  public/entries/07/commentary.txtm38;5;252m48;5;234m
38;5;243m48;5;235m  9 m38;5;252m48;5;234m38;5;59m#	 m38;5;252m48;5;234m38;5;81mmodifiedm38;5;252m48;5;234m38;5;59m: m38;5;252m48;5;234m38;5;141m  scripts/index-entries.jsm38;5;252m48;5;234m
38;5;243m48;5;235m 10 m38;5;252m48;5;234m38;5;59m#	 m38;5;252m48;5;234m38;5;81mmodifiedm38;5;252m48;5;234m38;5;59m: m38;5;252m48;5;234m38;5;141m  src/entries.jsonm38;5;252m48;5;234m
38;5;243m48;5;235m 11 m38;5;252m48;5;234m38;5;59m#m38;5;252m48;5;234m
38;5;243m48;5;235m 12 m38;5;252m48;5;234m38;5;59m# m38;5;252m48;5;234m38;5;148mChanges not staged for commit:m38;5;252m48;5;234m
38;5;243m48;5;235m 13 m38;5;252m48;5;234m38;5;59m#	 m38;5;252m48;5;234m38;5;81mmodifiedm38;5;252m48;5;234m38;5;59m: m38;5;252m48;5;234m38;5;141m  terminal.logm38;5;252m48;5;234m
38;5;243m48;5;235m 14 m38;5;252m48;5;234m38;5;59m#m38;5;252m48;5;234m
?25l?1002l?2004l".git/COMMIT_EDITMSG" 15L, 516C written 						     17;1H~												      18;1H~												       19;1H~													20;1H~													 21;1H~ 												  22;1H~												   23;1H~												    24;1H~												     25;1H~												      26;1H~												       27;1H~													28;1H~													 29;1H~ 												  30;1H~												   31;1H~												    32;1H~												     33;1H~												      34;1H~												       35;1H~													36;1H~													 37;1H~ 												  38;1H~												   m38;5;252m48;5;234m39;1H7m38;5;59m48;5;234m.git/COMMIT_EDITMSG								1,0-1	       All1;5H?12l?25h?1000l?1002h?25lm38;5;252m48;5;234m40;90Hi1;5H40;90H 1;5H40;1H38;5;186m-- INSERT --m38;5;252m48;5;234m40;13HK39;85H7m38;5;59m48;5;234m1  1;5H?12l?25h?25lm38;5;252m48;5;234m40;1HK39;85H7m38;5;59m48;5;234m0-11;5H?12l?25h?25lm38;5;252m48;5;234m40;90H:1;5H40;90HK40;1H:?2004h?12l?25h?25l1;5H?12l?25h?25l40;90Hi1;5H40;90H 1;5H40;1H38;5;186m-- INSERT --m38;5;252m48;5;234m39;85H7m38;5;59m48;5;234m1	1;5H?12l?25h?25lm38;5;252m48;5;234m38;5;81m48;5;236mmm38;5;252m48;5;234m39;21H7m38;5;59m48;5;234m[+]61C21;6H?12l?25h?25lm38;5;252m48;5;234m38;5;81m48;5;236mom38;5;252m48;5;234m39;85H7m38;5;59m48;5;234m31;7H?12l?25h?25lm38;5;252m48;5;234m38;5;81m48;5;236mvm38;5;252m48;5;234m39;85H7m38;5;59m48;5;234m41;8H?12l?25h?25lm38;5;252m48;5;234m38;5;81m48;5;236mem38;5;252m48;5;234m39;85H7m38;5;59m48;5;234m51;9H?12l?25h?25lm38;5;252m48;5;234m38;5;81m48;5;236mdm38;5;252m48;5;234m39;85H7m38;5;59m48;5;234m61;10H?12l?25h?25lm38;5;252m48;5;234m38;5;81m48;5;236m m38;5;252m48;5;234m39;85H7m38;5;59m48;5;234m71;11H?12l?25h?25lm38;5;252m48;5;234m38;5;81m48;5;236mtm38;5;252m48;5;234m39;85H7m38;5;59m48;5;234m81;12H?12l?25h?25lm38;5;252m48;5;234m38;5;81m48;5;236mhm38;5;252m48;5;234m39;85H7m38;5;59m48;5;234m91;13H?12l?25h?25lm38;5;252m48;5;234m38;5;81m48;5;236mem38;5;252m48;5;234m39;85H7m38;5;59m48;5;234m101;14H?12l?25h?25lm38;5;252m48;5;234m38;5;81m48;5;236m m38;5;252m48;5;234m39;86H7m38;5;59m48;5;234m11;15H?12l?25h?25lm38;5;252m48;5;234m38;5;81m48;5;236mcm38;5;252m48;5;234m39;86H7m38;5;59m48;5;234m21;16H?12l?25h?25lm38;5;252m48;5;234m38;5;81m48;5;236mum38;5;252m48;5;234m39;86H7m38;5;59m48;5;234m31;17H?12l?25h?25lm38;5;252m48;5;234m38;5;81m48;5;236mrm38;5;252m48;5;234m39;86H7m38;5;59m48;5;234m41;18H?12l?25h?25lm38;5;252m48;5;234m38;5;81m48;5;236mrm38;5;252m48;5;234m39;86H7m38;5;59m48;5;234m51;19H?12l?25h?25lm38;5;252m48;5;234m38;5;81m48;5;236mem38;5;252m48;5;234m39;86H7m38;5;59m48;5;234m61;20H?12l?25h?25lm38;5;252m48;5;234m38;5;81m48;5;236mnm38;5;252m48;5;234m39;86H7m38;5;59m48;5;234m71;21H?12l?25h?25lm38;5;252m48;5;234m38;5;81m48;5;236mtm38;5;252m48;5;234m39;86H7m38;5;59m48;5;234m81;22H?12l?25h?25lm38;5;252m48;5;234m38;5;81m48;5;236m m38;5;252m48;5;234m39;86H7m38;5;59m48;5;234m91;23H?12l?25h?25lm38;5;252m48;5;234m38;5;81m48;5;236mem38;5;252m48;5;234m39;85H7m38;5;59m48;5;234m201;24H?12l?25h?25lm38;5;252m48;5;234m38;5;81m48;5;236mnm38;5;252m48;5;234m39;86H7m38;5;59m48;5;234m11;25H?12l?25h?25lm38;5;252m48;5;234m38;5;81m48;5;236mtm38;5;252m48;5;234m39;86H7m38;5;59m48;5;234m21;26H?12l?25h?25lm38;5;252m48;5;234m38;5;81m48;5;236mrm38;5;252m48;5;234m39;86H7m38;5;59m48;5;234m31;27H?12l?25h?25lm38;5;252m48;5;234m38;5;81m48;5;236mym38;5;252m48;5;234m39;86H7m38;5;59m48;5;234m41;28H?12l?25h?25lm38;5;252m48;5;234m38;5;81m48;5;236m m38;5;252m48;5;234m39;86H7m38;5;59m48;5;234m51;29H?12l?25h?25lm38;5;252m48;5;234m38;5;81m48;5;236mtm38;5;252m48;5;234m39;86H7m38;5;59m48;5;234m61;30H?12l?25h?25lm38;5;252m48;5;234m38;5;81m48;5;236mom38;5;252m48;5;234m39;86H7m38;5;59m48;5;234m71;31H?12l?25h?25lm38;5;252m48;5;234m38;5;81m48;5;236m m38;5;252m48;5;234m39;86H7m38;5;59m48;5;234m81;32H?12l?25h?25lm38;5;252m48;5;234m38;5;81m48;5;236mtm38;5;252m48;5;234m39;86H7m38;5;59m48;5;234m91;33H?12l?25h?25lm38;5;252m48;5;234m38;5;81m48;5;236mhm38;5;252m48;5;234m39;85H7m38;5;59m48;5;234m301;34H?12l?25h?25lm38;5;252m48;5;234m38;5;81m48;5;236mem38;5;252m48;5;234m39;86H7m38;5;59m48;5;234m11;35H?12l?25h?25lm38;5;252m48;5;234m38;5;81m48;5;236m m38;5;252m48;5;234m39;86H7m38;5;59m48;5;234m21;36H?12l?25h?25lm38;5;252m48;5;234m38;5;81m48;5;236mnm38;5;252m48;5;234m39;86H7m38;5;59m48;5;234m31;37H?12l?25h?25lm38;5;252m48;5;234m38;5;81m48;5;236mem38;5;252m48;5;234m39;86H7m38;5;59m48;5;234m41;38H?12l?25h?25lm38;5;252m48;5;234m38;5;81m48;5;236mwm38;5;252m48;5;234m39;86H7m38;5;59m48;5;234m51;39H?12l?25h?25lm38;5;252m48;5;234m38;5;81m48;5;236m m38;5;252m48;5;234m39;86H7m38;5;59m48;5;234m61;40H?12l?25h?25lm38;5;252m48;5;234m38;5;81m48;5;236msm38;5;252m48;5;234m39;86H7m38;5;59m48;5;234m71;41H?12l?25h?25lm38;5;252m48;5;234m38;5;81m48;5;236mtm38;5;252m48;5;234m39;86H7m38;5;59m48;5;234m81;42H?12l?25h?25lm38;5;252m48;5;234m38;5;81m48;5;236mrm38;5;252m48;5;234m39;86H7m38;5;59m48;5;234m91;43H?12l?25h?25lm38;5;252m48;5;234m38;5;81m48;5;236mum38;5;252m48;5;234m39;85H7m38;5;59m48;5;234m401;44H?12l?25h?25lm38;5;252m48;5;234m38;5;81m48;5;236mcm38;5;252m48;5;234m39;86H7m38;5;59m48;5;234m11;45H?12l?25h?25lm38;5;252m48;5;234m38;5;81m48;5;236mtm38;5;252m48;5;234m39;86H7m38;5;59m48;5;234m21;46H?12l?25h?25lm38;5;252m48;5;234m38;5;81m48;5;236mum38;5;252m48;5;234m39;86H7m38;5;59m48;5;234m31;47H?12l?25h?25lm38;5;252m48;5;234m38;5;81m48;5;236mrm38;5;252m48;5;234m39;86H7m38;5;59m48;5;234m41;48H?12l?25h?25lm38;5;252m48;5;234m38;5;81m48;5;236mem38;5;252m48;5;234m39;86H7m38;5;59m48;5;234m51;49H?12l?25h?25lm38;5;252m48;5;234m40;1HK39;86H7m38;5;59m48;5;234m41;48H?12l?25h?25lm38;5;252m48;5;234m40;90H:1;48H40;90HK40;1H:?2004h?12l?25hwq
39;49m?2004l?1l?12l?25h?1049l[master c2d1268] moved the current entry to the new structure
 3 files changed, 22 insertions(+), 3 deletions(-)
bash-3.2$ git status
On branch master
Your branch is ahead of 'origin/master' by 6 commits.
  (use "git push" to publish your local commits)
Changes not staged for commit:
  (use "git add <file>..." to update what will be committed)
  (use "git checkout -- <file>..." to discard changes in working directory)

	31mmodified:   terminal.logm

no changes added to commit (use "git add" and/or "git commit -a")
bash-3.2$ exit
exit

Script done on Sat Nov 18 12:19:08 2017
